[2026-06-29 15:21:22] Epoch: 2/5 | Last Val: 14573/14573 ==================== 6132s 418ms/step - accuracy: 0.6354 - loss: 1.9880 - val_accuracy: 0.7334 - val_loss: 1.6496 | Latest Step: 14573/14573 ==================== 0s 350ms/step - accuracy: 0.7005 - loss: 1.6727
[2026-06-29 15:36:23] Epoch: 1/5 | Last Val: None | Latest Step: Unknown
[2026-06-29 15:51:24] Epoch: 3/5 | Last Val: 14573/14573 ==================== 6092s 416ms/step - accuracy: 0.7005 - loss: 1.6727 - val_accuracy: 0.7700 - val_loss: 1.5723 | Latest Step: 2888/14573 ==================== 1:05:58 339ms/step - accuracy: 0.7103 - loss: 1.5987
[2026-06-29 15:56:26] Epoch: Unknown | Last Val: None | Latest Step: Unknown
[2026-06-29 16:11:26] Epoch: 1/5 | Last Val: None | Latest Step: Unknown
[2026-06-29 16:26:27] Epoch: 1/5 | Last Val: None | Latest Step: Unknown
[2026-06-29 16:41:27] Epoch: 2/5 | Last Val: 14510/14510 [==============================] - 1502s 102ms/step - loss: 1.9778 - accuracy: 0.6364 - val_loss: 1.6719 - val_accuracy: 0.7267 | Latest Step: Unknown
[2026-06-29 16:56:27] Epoch: 2/5 | Last Val: 14510/14510 [==============================] - 1502s 102ms/step - loss: 1.9778 - accuracy: 0.6364 - val_loss: 1.6719 - val_accuracy: 0.7267 | Latest Step: Unknown
[2026-06-29 17:11:27] Epoch: 3/5 | Last Val: 14510/14510 [==============================] - 1614s 110ms/step - loss: 1.6647 - accuracy: 0.7013 - val_loss: 1.5751 - val_accuracy: 0.7562 | Latest Step: Unknown
[2026-06-29 17:26:27] Epoch: 3/5 | Last Val: 14510/14510 [==============================] - 1614s 110ms/step - loss: 1.6647 - accuracy: 0.7013 - val_loss: 1.5751 - val_accuracy: 0.7562 | Latest Step: Unknown
[2026-06-29 17:41:28] Epoch: 3/5 | Last Val: 14510/14510 [==============================] - 1614s 110ms/step - loss: 1.6647 - accuracy: 0.7013 - val_loss: 1.5751 - val_accuracy: 0.7562 | Latest Step: Unknown
[2026-06-29 17:56:28] Epoch: 3/5 | Last Val: 14510/14510 [==============================] - 1614s 110ms/step - loss: 1.6647 - accuracy: 0.7013 - val_loss: 1.5751 - val_accuracy: 0.7562 | Latest Step: Unknown
[2026-06-29 18:11:28] Epoch: 1/5 | Last Val: None | Latest Step: Unknown
[2026-06-29 18:26:29] Epoch: 4/5 | Last Val: 14510/14510 [==============================] - 4477s 307ms/step - loss: 1.5748 - accuracy: 0.7192 - val_loss: 1.5454 - val_accuracy: 0.7701 | Latest Step: Unknown
[2026-06-29 18:41:29] Epoch: Unknown | Last Val: None | Latest Step: Unknown
[2026-06-29 18:56:29] Epoch: Unknown | Last Val: None | Latest Step: Unknown
[2026-06-29 19:11:29] Epoch: 1/10 | Last Val: 14510/14510 [==============================] - 1866s 127ms/step - loss: 1.4885 - accuracy: 0.7347 - val_loss: 1.5051 - val_accuracy: 0.7749 | Latest Step: Unknown
[2026-06-29 19:26:30] Epoch: Unknown | Last Val: None | Latest Step: Unknown
[2026-06-29 19:41:30] Epoch: 1/10 | Last Val: 14510/14510 [==============================] - 1866s 127ms/step - loss: 1.4885 - accuracy: 0.7347 - val_loss: 1.5051 - val_accuracy: 0.7749 | Latest Step: Unknown
[2026-06-29 19:56:30] Epoch: 2/10 | Last Val: 14510/14510 [==============================] - 2166s 148ms/step - loss: 1.5223 - accuracy: 0.7396 - val_loss: 1.4435 - val_accuracy: 0.7999 - lr: 1.0000e-04 | Latest Step: Unknown
[2026-06-30 00:21:16] Epoch: 1/10 | Last Val: None | Latest Step: Unknown
[2026-06-30 00:36:18] Epoch: Unknown | Last Val: None | Latest Step: Unknown
[2026-06-30 00:51:18] Epoch: 1/10 | Last Val: None | Latest Step: Unknown
[2026-06-30 01:10:57] Epoch: Unknown | Last Val: None | Latest Step: Unknown
[2026-06-30 01:25:57] Epoch: 1/10 | Last Val: None | Latest Step: 6937/Unknown - 686s 98ms/step - loss: 1.2629 - accuracy: 0.8039
[2026-06-30 01:40:57] Epoch: 1/10 | Last Val: None | Latest Step: orflow/core/grappler/optimizers/custom_graph_optimizer_registry.cc:114] Plugin optimizer for device_type GPU is enabled.
[2026-06-30 02:21:32] Epoch: 2/10 | Last Val: 14510/14510 [==============================] - 1629s 112ms/step - loss: 1.2770 - accuracy: 0.8067 - val_loss: 1.3136 - val_accuracy: 0.8341 - lr: 1.0000e-04 | Latest Step: 8929/14510 [=================>............] - ETA: 24:53 - loss: 1.2121 - accuracy: 0.8167
[2026-06-30 03:19:04] Epoch: 3/10 | Last Val: 14510/14510 [==============================] - 5643s 389ms/step - loss: 1.2160 - accuracy: 0.8187 - val_loss: 1.3109 - val_accuracy: 0.8344 - lr: 1.0000e-04 | Latest Step: 2050/14510 [===>..........................] - ETA: 20:04 - loss: 1.1536 - accuracy: 0.8229
[2026-06-30 04:52:36] Epoch: 3/10 | Last Val: 14510/14510 [==============================] - 5643s 389ms/step - loss: 1.2160 - accuracy: 0.8187 - val_loss: 1.3109 - val_accuracy: 0.8344 - lr: 1.0000e-04 | Latest Step: 11317/14510 [======================>.......] - ETA: 27:19 - loss: 1.1646 - accuracy: 0.8259
[2026-06-30 05:07:36] Epoch: 4/10 | Last Val: 14510/14510 [==============================] - 6312s 435ms/step - loss: 1.1710 - accuracy: 0.8266 - val_loss: 1.2834 - val_accuracy: 0.8345 - lr: 1.0000e-04 | Latest Step: 3981/14510 [=======>......................] - ETA: 17:33 - loss: 1.1322 - accuracy: 0.8311
[2026-06-30 05:22:36] Epoch: 4/10 | Last Val: 14510/14510 [==============================] - 6312s 435ms/step - loss: 1.1710 - accuracy: 0.8266 - val_loss: 1.2834 - val_accuracy: 0.8345 - lr: 1.0000e-04 | Latest Step: 12956/14510 [=========================>....] - ETA: 2:35 - loss: 1.1370 - accuracy: 0.8321
[2026-06-30 05:37:36] Epoch: 5/10 | Last Val: 14510/14510 [==============================] - 1644s 113ms/step - loss: 1.1382 - accuracy: 0.8326 - val_loss: 1.2609 - val_accuracy: 0.8478 - lr: 1.0000e-04 | Latest Step: 5521/14510 [==========>...................] - ETA: 15:02 - loss: 1.1061 - accuracy: 0.8345
[2026-06-30 05:52:36] Epoch: 5/10 | Last Val: 14510/14510 [==============================] - 1644s 113ms/step - loss: 1.1382 - accuracy: 0.8326 - val_loss: 1.2609 - val_accuracy: 0.8478 - lr: 1.0000e-04 | Latest Step: 14391/14510 [============================>.] - ETA: 12s - loss: 1.1126 - accuracy: 0.8360
[2026-06-30 06:07:36] Epoch: 6/10 | Last Val: 14510/14510 [==============================] - 1657s 114ms/step - loss: 1.1126 - accuracy: 0.8360 - val_loss: 1.2484 - val_accuracy: 0.8439 - lr: 1.0000e-04 | Latest Step: 6869/14510 [=============>................] - ETA: 12:54 - loss: 1.0837 - accuracy: 0.8375
[2026-06-30 06:22:36] Epoch: 6/10 | Last Val: 14510/14510 [==============================] - 1657s 114ms/step - loss: 1.1126 - accuracy: 0.8360 - val_loss: 1.2484 - val_accuracy: 0.8439 - lr: 1.0000e-04 | Latest Step: .0884 - accuracy: 0.83952026-06-30 06:21:10.316320: W tensorflow/core/lib/png/png_io.cc:88] PNG warning: eXIf: duplicate
[2026-06-30 06:37:36] Epoch: 7/10 | Last Val: 14510/14510 [==============================] - 1639s 113ms/step - loss: 1.0884 - accuracy: 0.8395 - val_loss: 1.2547 - val_accuracy: 0.8441 - lr: 1.0000e-04 | Latest Step: 8542/14510 [================>.............] - ETA: 10:00 - loss: 1.0693 - accuracy: 0.8401
[2026-06-30 06:52:36] Epoch: 8/10 | Last Val: 14510/14510 [==============================] - 1696s 117ms/step - loss: 1.0731 - accuracy: 0.8420 - val_loss: 1.2616 - val_accuracy: 0.8442 - lr: 1.0000e-04 | Latest Step: 579/14510 [>.............................] - ETA: 24:58 - loss: 1.0419 - accuracy: 0.8469
[2026-06-30 07:07:36] Epoch: 8/10 | Last Val: 14510/14510 [==============================] - 1696s 117ms/step - loss: 1.0731 - accuracy: 0.8420 - val_loss: 1.2616 - val_accuracy: 0.8442 - lr: 1.0000e-04 | Latest Step: 8460/14510 [================>.............] - ETA: 11:28 - loss: 1.0247 - accuracy: 0.8465
[2026-06-30 07:22:36] Epoch: 8/10 | Last Val: 14510/14510 [==============================] - 1696s 117ms/step - loss: 1.0731 - accuracy: 0.8420 - val_loss: 1.2616 - val_accuracy: 0.8442 - lr: 1.0000e-04 | Latest Step: 13309/14510 [==========================>...] - ETA: 2:48 - loss: 1.0205 - accuracy: 0.8491
[2026-06-30 07:37:37] Epoch: 9/10 | Last Val: 14510/14510 [==============================] - 2416s 166ms/step - loss: 1.0200 - accuracy: 0.8497 - val_loss: 1.1965 - val_accuracy: 0.8616 - lr: 5.0000e-05 | Latest Step: 2013/14510 [===>..........................] - ETA: 35:45 - loss: 0.9975 - accuracy: 0.8524
[2026-06-30 07:52:37] Epoch: 9/10 | Last Val: 14510/14510 [==============================] - 2416s 166ms/step - loss: 1.0200 - accuracy: 0.8497 - val_loss: 1.1965 - val_accuracy: 0.8616 - lr: 5.0000e-05 | Latest Step: 7215/14510 [=============>................] - ETA: 20:59 - loss: 0.9986 - accuracy: 0.8514
[2026-06-30 08:07:37] Epoch: 9/10 | Last Val: 14510/14510 [==============================] - 2416s 166ms/step - loss: 1.0200 - accuracy: 0.8497 - val_loss: 1.1965 - val_accuracy: 0.8616 - lr: 5.0000e-05 | Latest Step: 12356/14510 [========================>.....] - ETA: 6:14 - loss: 0.9968 - accuracy: 0.8525
[2026-06-30 08:22:37] Epoch: 10/10 | Last Val: 14510/14510 [==============================] - 2869s 198ms/step - loss: 0.9983 - accuracy: 0.8533 - val_loss: 1.1951 - val_accuracy: 0.8592 - lr: 5.0000e-05 | Latest Step: 1034/14510 [=>............................] - ETA: 38:24 - loss: 0.9895 - accuracy: 0.8544
[2026-06-30 08:37:37] Epoch: 3/10 | Last Val: 14510/14510 [==============================] - 5643s 389ms/step - loss: 1.2160 - accuracy: 0.8187 - val_loss: 1.3109 - val_accuracy: 0.8344 - lr: 1.0000e-04 | Latest Step: 10923/14510 [=====================>........] - ETA: 31:35 - loss: 1.1652 -
[2026-06-30 08:52:37] Epoch: 10/10 | Last Val: 14510/14510 [==============================] - 2869s 198ms/step - loss: 0.9983 - accuracy: 0.8533 - val_loss: 1.1951 - val_accuracy: 0.8592 - lr: 5.0000e-05 | Latest Step: 11126/14510 [======================>.......] - ETA: 10:01 - loss: 0.9837 - accuracy: 0.8543
[2026-06-30 09:07:37] Epoch: 1/15 | Last Val: 14510/14510 [==============================] - 2702s 186ms/step - loss: 0.9862 - accuracy: 0.8556 - val_loss: 1.1877 - val_accuracy: 0.8660 - lr: 5.0000e-05 | Latest Step: 665/Unknown - 176s 241ms/step - loss: 1.0712 - accuracy: 0.8375
[2026-06-30 09:22:37] Epoch: 1/15 | Last Val: 14510/14510 [==============================] - 2702s 186ms/step - loss: 0.9862 - accuracy: 0.8556 - val_loss: 1.1877 - val_accuracy: 0.8660 - lr: 5.0000e-05 | Latest Step: 4505/Unknown - 1076s 235ms/step - loss: 1.0311 - accuracy: 0.8460
[2026-06-30 09:37:37] Epoch: 5/10 | Last Val: 14510/14510 [==============================] - 1644s 113ms/step - loss: 1.1382 - accuracy: 0.8326 - val_loss: 1.2609 - val_accuracy: 0.8478 - lr: 1.0000e-04 | Latest Step: 1570/14510 [==>...........................] - ETA: 21:26 - loss: 1.1063 - accuracy: 0.8349
[2026-06-30 09:52:38] Epoch: 1/15 | Last Val: 14510/14510 [==============================] - 2702s 186ms/step - loss: 0.9862 - accuracy: 0.8556 - val_loss: 1.1877 - val_accuracy: 0.8660 - lr: 5.0000e-05 | Latest Step: 12109/Unknown - 2876s 236ms/step - loss: 1.0166 - accuracy: 0.8490
[2026-06-30 10:07:38] Epoch: 2/15 | Last Val: 14510/14510 [==============================] - 3656s 251ms/step - loss: 1.0168 - accuracy: 0.8502 - val_loss: 1.1942 - val_accuracy: 0.8652 - lr: 5.0000e-05 | Latest Step: 480/14510 [..............................] - ETA: 57:32 - loss: 0.9899 - accuracy: 0.8549
[2026-06-30 10:22:38] Epoch: 2/15 | Last Val: 14510/14510 [==============================] - 3656s 251ms/step - loss: 1.0168 - accuracy: 0.8502 - val_loss: 1.1942 - val_accuracy: 0.8652 - lr: 5.0000e-05 | Latest Step: 4111/14510 [=======>......................] - ETA: 42:55 - loss: 1.0017 - accuracy: 0.8529
[2026-06-30 10:37:38] Epoch: 2/15 | Last Val: 14510/14510 [==============================] - 3656s 251ms/step - loss: 1.0168 - accuracy: 0.8502 - val_loss: 1.1942 - val_accuracy: 0.8652 - lr: 5.0000e-05 | Latest Step: 7780/14510 [===============>..............] - ETA: 27:39 - loss: 0.9947 - accuracy: 0.8519
[2026-06-30 10:52:38] Epoch: 2/15 | Last Val: 14510/14510 [==============================] - 3656s 251ms/step - loss: 1.0168 - accuracy: 0.8502 - val_loss: 1.1942 - val_accuracy: 0.8652 - lr: 5.0000e-05 | Latest Step: 11451/14510 [======================>.......] - ETA: 12:32 - loss: 0.9921 - accuracy: 0.8534
[2026-06-30 11:07:38] Epoch: 2/15 | Last Val: 14510/14510 [==============================] - 3656s 251ms/step - loss: 1.0168 - accuracy: 0.8502 - val_loss: 1.1942 - val_accuracy: 0.8652 - lr: 5.0000e-05 | Latest Step: .9960 - accuracy: 0.85432026-06-30 11:06:06.931976: W tensorflow/core/lib/png/png_io.cc:88] PNG warning: eXIf: duplicate
[2026-06-30 11:22:38] Epoch: 3/15 | Last Val: 14510/14510 [==============================] - 3757s 259ms/step - loss: 0.9960 - accuracy: 0.8543 - val_loss: 1.1888 - val_accuracy: 0.8656 - lr: 5.0000e-05 | Latest Step: 3467/14510 [======>.......................] - ETA: 45:44 - loss: 0.9847 - accuracy: 0.8550
[2026-06-30 11:37:39] Epoch: 3/15 | Last Val: 14510/14510 [==============================] - 3757s 259ms/step - loss: 0.9960 - accuracy: 0.8543 - val_loss: 1.1888 - val_accuracy: 0.8656 - lr: 5.0000e-05 | Latest Step: 6493/14510 [============>.................] - ETA: 36:15 - loss: 0.9809 - accuracy: 0.8555
[2026-06-30 11:52:39] Epoch: 3/15 | Last Val: 14510/14510 [==============================] - 3757s 259ms/step - loss: 0.9960 - accuracy: 0.8543 - val_loss: 1.1888 - val_accuracy: 0.8656 - lr: 5.0000e-05 | Latest Step: 9403/14510 [==================>...........] - ETA: 24:05 - loss: 0.9809 - accuracy: 0.8553
[2026-06-30 12:07:39] Epoch: 3/15 | Last Val: 14510/14510 [==============================] - 3757s 259ms/step - loss: 0.9960 - accuracy: 0.8543 - val_loss: 1.1888 - val_accuracy: 0.8656 - lr: 5.0000e-05 | Latest Step: 12974/14510 [=========================>....] - ETA: 7:01 - loss: 0.9820 - accuracy: 0.8569
[2026-06-30 12:22:39] Epoch: 4/15 | Last Val: 14510/14510 [==============================] - 4178s 288ms/step - loss: 0.9831 - accuracy: 0.8575 - val_loss: 1.1860 - val_accuracy: 0.8626 - lr: 5.0000e-05 | Latest Step: 1049/14510 [=>............................] - ETA: 1:00:43 - loss: 0.9791 - accuracy: 0.8612
[2026-06-30 12:37:40] Epoch: 4/15 | Last Val: 14510/14510 [==============================] - 4178s 288ms/step - loss: 0.9831 - accuracy: 0.8575 - val_loss: 1.1860 - val_accuracy: 0.8626 - lr: 5.0000e-05 | Latest Step: 4216/14510 [=======>......................] - ETA: 48:11 - loss: 0.9759 - accuracy: 0.8582
[2026-06-30 12:52:40] Epoch: 4/15 | Last Val: 14510/14510 [==============================] - 4178s 288ms/step - loss: 0.9831 - accuracy: 0.8575 - val_loss: 1.1860 - val_accuracy: 0.8626 - lr: 5.0000e-05 | Latest Step: 7126/14510 [=============>................] - ETA: 35:59 - loss: 0.9738 - accuracy: 0.8569
[2026-06-30 13:07:40] Epoch: 4/15 | Last Val: 14510/14510 [==============================] - 4178s 288ms/step - loss: 0.9831 - accuracy: 0.8575 - val_loss: 1.1860 - val_accuracy: 0.8626 - lr: 5.0000e-05 | Latest Step: 10097/14510 [===================>..........] - ETA: 21:44 - loss: 0.9733 - accuracy: 0.8575
[2026-06-30 13:22:40] Epoch: 4/15 | Last Val: 14510/14510 [==============================] - 4178s 288ms/step - loss: 0.9831 - accuracy: 0.8575 - val_loss: 1.1860 - val_accuracy: 0.8626 - lr: 5.0000e-05 | Latest Step: 13132/14510 [==========================>...] - ETA: 6:47 - loss: 0.9746 - accuracy: 0.8590
[2026-06-30 13:37:40] Epoch: 5/15 | Last Val: 14510/14510 [==============================] - 4490s 309ms/step - loss: 0.9751 - accuracy: 0.8598 - val_loss: 1.1801 - val_accuracy: 0.8631 - lr: 5.0000e-05 | Latest Step: 979/14510 [=>............................] - ETA: 1:08:02 - loss: 0.9605 - accuracy: 0.8635
[2026-06-30 13:52:41] Epoch: 5/15 | Last Val: 14510/14510 [==============================] - 4490s 309ms/step - loss: 0.9751 - accuracy: 0.8598 - val_loss: 1.1801 - val_accuracy: 0.8631 - lr: 5.0000e-05 | Latest Step: 3926/14510 [=======>......................] - ETA: 53:43 - loss: 0.9649 - accuracy: 0.8612
[2026-06-30 14:07:41] Epoch: 5/15 | Last Val: 14510/14510 [==============================] - 4490s 309ms/step - loss: 0.9751 - accuracy: 0.8598 - val_loss: 1.1801 - val_accuracy: 0.8631 - lr: 5.0000e-05 | Latest Step: 6842/14510 [=============>................] - ETA: 39:09 - loss: 0.9653 - accuracy: 0.8606
[2026-06-30 14:22:41] Epoch: 2/10 | Last Val: 14510/14510 [==============================] - 1629s 112ms/step - loss: 1.2770 - accuracy: 0.8067 - val_loss: 1.3136 - val_accuracy: 0.8341 - lr: 1.0000e-04 | Latest Step: 4915/14510 [=========>....................] - ETA: 1:05:13 - loss: 1.2042 - accuracy: 0.8176
[2026-06-30 14:25:19] Epoch: 5/15 | Last Val: 14510/14510 [==============================] - 4490s 309ms/step - loss: 0.9751 - accuracy: 0.8598 - val_loss: 1.1801 - val_accuracy: 0.8631 - lr: 5.0000e-05 | Latest Step: 10192/14510 [====================>.........] - ETA: 22:16 - loss: 0.9650 - accuracy: 0.8605
[2026-06-30 14:40:19] Epoch: 3/10 | Last Val: 14510/14510 [==============================] - 5643s 389ms/step - loss: 1.2160 - accuracy: 0.8187 - val_loss: 1.3109 - val_accuracy: 0.8344 - lr: 1.0000e-04 | Latest Step: 162/14510 [..............................] - ETA: 22:46 - loss: 1
[2026-06-30 14:55:20] Epoch: 6/15 | Last Val: 14510/14510 [==============================] - 4862s 335ms/step - loss: 0.9664 - accuracy: 0.8627 - val_loss: 1.1703 - val_accuracy: 0.8733 - lr: 5.0000e-05 | Latest Step: 288/14510 [..............................] - ETA: 1:15:25 - loss: 0.9274 - accuracy: 0.8683
[2026-06-30 15:10:20] Epoch: 6/15 | Last Val: 14510/14510 [==============================] - 4862s 335ms/step - loss: 0.9664 - accuracy: 0.8627 - val_loss: 1.1703 - val_accuracy: 0.8733 - lr: 5.0000e-05 | Latest Step: 3086/14510 [=====>........................] - ETA: 1:01:12 - loss: 0.9563 - accuracy: 0.8620
[2026-06-30 15:25:20] Epoch: 6/15 | Last Val: 14510/14510 [==============================] - 4862s 335ms/step - loss: 0.9664 - accuracy: 0.8627 - val_loss: 1.1703 - val_accuracy: 0.8733 - lr: 5.0000e-05 | Latest Step: 5976/14510 [===========>..................] - ETA: 45:01 - loss: 0.9584 - accuracy: 0.8628
[2026-06-30 15:40:20] Epoch: 6/15 | Last Val: 14510/14510 [==============================] - 4862s 335ms/step - loss: 0.9664 - accuracy: 0.8627 - val_loss: 1.1703 - val_accuracy: 0.8733 - lr: 5.0000e-05 | Latest Step: 8884/14510 [=================>............] - ETA: 29:28 - loss: 0.9601 - accuracy: 0.8624
[2026-06-30 15:55:20] Epoch: 6/15 | Last Val: 14510/14510 [==============================] - 4862s 335ms/step - loss: 0.9664 - accuracy: 0.8627 - val_loss: 1.1703 - val_accuracy: 0.8733 - lr: 5.0000e-05 | Latest Step: 11812/14510 [=======================>......] - ETA: 14:03 - loss: 0.9592 - accuracy: 0.8638
[2026-06-30 16:10:21] Epoch: 6/15 | Last Val: 14510/14510 [==============================] - 4862s 335ms/step - loss: 0.9664 - accuracy: 0.8627 - val_loss: 1.1703 - val_accuracy: 0.8733 - lr: 5.0000e-05 | Latest Step: 14510/14510 [==============================] - ETA: 0s - loss: 0.9611 - accuracy: 0.8647
[2026-06-30 16:25:21] Epoch: 7/15 | Last Val: 14510/14510 [==============================] - 4745s 327ms/step - loss: 0.9611 - accuracy: 0.8647 - val_loss: 1.1688 - val_accuracy: 0.8682 - lr: 5.0000e-05 | Latest Step: 2416/14510 [===>..........................] - ETA: 1:02:25 - loss: 0.9457 - accuracy: 0.8645
[2026-06-30 16:40:21] Epoch: 7/15 | Last Val: 14510/14510 [==============================] - 4745s 327ms/step - loss: 0.9611 - accuracy: 0.8647 - val_loss: 1.1688 - val_accuracy: 0.8682 - lr: 5.0000e-05 | Latest Step: 5350/14510 [==========>...................] - ETA: 47:02 - loss: 0.9545 - accuracy: 0.8644
[2026-06-30 16:55:21] Epoch: 7/15 | Last Val: 14510/14510 [==============================] - 4745s 327ms/step - loss: 0.9611 - accuracy: 0.8647 - val_loss: 1.1688 - val_accuracy: 0.8682 - lr: 5.0000e-05 | Latest Step: 8308/14510 [================>.............] - ETA: 31:42 - loss: 0.9555 - accuracy: 0.8636
[2026-06-30 17:10:22] Epoch: 7/15 | Last Val: 14510/14510 [==============================] - 4745s 327ms/step - loss: 0.9611 - accuracy: 0.8647 - val_loss: 1.1688 - val_accuracy: 0.8682 - lr: 5.0000e-05 | Latest Step: 11263/14510 [======================>.......] - ETA: 16:34 - loss: 0.9537 - accuracy: 0.8649
[2026-06-30 17:25:22] Epoch: 7/15 | Last Val: 14510/14510 [==============================] - 4745s 327ms/step - loss: 0.9611 - accuracy: 0.8647 - val_loss: 1.1688 - val_accuracy: 0.8682 - lr: 5.0000e-05 | Latest Step: 14196/14510 [============================>.] - ETA: 1:36 - loss: 0.9574 - accuracy: 0.8658
[2026-06-30 17:40:22] Epoch: 8/15 | Last Val: 14510/14510 [==============================] - 4739s 326ms/step - loss: 0.9575 - accuracy: 0.8660 - val_loss: 1.1611 - val_accuracy: 0.8742 - lr: 5.0000e-05 | Latest Step: 1615/14510 [==>...........................] - ETA: 1:07:54 - loss: 0.9435 - accuracy: 0.8692
[2026-06-30 17:55:22] Epoch: 8/15 | Last Val: 14510/14510 [==============================] - 4739s 326ms/step - loss: 0.9575 - accuracy: 0.8660 - val_loss: 1.1611 - val_accuracy: 0.8742 - lr: 5.0000e-05 | Latest Step: 4442/14510 [========>.....................] - ETA: 53:16 - loss: 0.9482 - accuracy: 0.8674
[2026-06-30 18:10:22] Epoch: 8/15 | Last Val: 14510/14510 [==============================] - 4739s 326ms/step - loss: 0.9575 - accuracy: 0.8660 - val_loss: 1.1611 - val_accuracy: 0.8742 - lr: 5.0000e-05 | Latest Step: 7276/14510 [==============>...............] - ETA: 38:17 - loss: 0.9485 - accuracy: 0.8666
[2026-06-30 18:25:23] Epoch: 8/15 | Last Val: 14510/14510 [==============================] - 4739s 326ms/step - loss: 0.9575 - accuracy: 0.8660 - val_loss: 1.1611 - val_accuracy: 0.8742 - lr: 5.0000e-05 | Latest Step: 10105/14510 [===================>..........] - ETA: 23:19 - loss: 0.9474 - accuracy: 0.8671
[2026-06-30 18:40:23] Epoch: 8/15 | Last Val: 14510/14510 [==============================] - 4739s 326ms/step - loss: 0.9575 - accuracy: 0.8660 - val_loss: 1.1611 - val_accuracy: 0.8742 - lr: 5.0000e-05 | Latest Step: 12929/14510 [=========================>....] - ETA: 8:22 - loss: 0.9486 - accuracy: 0.8683
[2026-06-30 18:55:23] Epoch: 9/15 | Last Val: 14510/14510 [==============================] - 4918s 339ms/step - loss: 0.9498 - accuracy: 0.8689 - val_loss: 1.1635 - val_accuracy: 0.8766 - lr: 5.0000e-05 | Latest Step: 286/14510 [..............................] - ETA: 1:16:52 - loss: 0.9247 - accuracy: 0.8701
[2026-06-30 19:10:23] Epoch: 9/15 | Last Val: 14510/14510 [==============================] - 4918s 339ms/step - loss: 0.9498 - accuracy: 0.8689 - val_loss: 1.1635 - val_accuracy: 0.8766 - lr: 5.0000e-05 | Latest Step: 3065/14510 [=====>........................] - ETA: 1:01:48 - loss: 0.9385 - accuracy: 0.8683
[2026-06-30 19:25:24] Epoch: 9/15 | Last Val: 14510/14510 [==============================] - 4918s 339ms/step - loss: 0.9498 - accuracy: 0.8689 - val_loss: 1.1635 - val_accuracy: 0.8766 - lr: 5.0000e-05 | Latest Step: 5867/14510 [===========>..................] - ETA: 46:29 - loss: 0.9398 - accuracy: 0.8676
[2026-06-30 19:40:24] Epoch: 3/10 | Last Val: 14510/14510 [==============================] - 5643s 389ms/step - loss: 1.2160 - accuracy: 0.8187 - val_loss: 1.3109 - val_accuracy: 0.8344 - lr: 1.0000e-04 | Latest Step: 603/14510 [>
[2026-06-30 19:55:24] Epoch: 9/15 | Last Val: 14510/14510 [==============================] - 4918s 339ms/step - loss: 0.9498 - accuracy: 0.8689 - val_loss: 1.1635 - val_accuracy: 0.8766 - lr: 5.0000e-05 | Latest Step: 11461/14510 [======================>.......] - ETA: 16:22 - loss: 0.9407 - accuracy: 0.8685
[2026-06-30 20:10:24] Epoch: 9/15 | Last Val: 14510/14510 [==============================] - 4918s 339ms/step - loss: 0.9498 - accuracy: 0.8689 - val_loss: 1.1635 - val_accuracy: 0.8766 - lr: 5.0000e-05 | Latest Step: 14240/14510 [============================>.] - ETA: 1:27 - loss: 0.9455 - accuracy: 0.8698
[2026-06-30 20:25:25] Epoch: 10/15 | Last Val: 14510/14510 [==============================] - 4977s 343ms/step - loss: 0.9452 - accuracy: 0.8700 - val_loss: 1.1520 - val_accuracy: 0.8840 - lr: 5.0000e-05 | Latest Step: 1605/14510 [==>...........................] - ETA: 1:09:19 - loss: 0.9337 - accuracy: 0.8724
[2026-06-30 20:40:25] Epoch: 10/15 | Last Val: 14510/14510 [==============================] - 4977s 343ms/step - loss: 0.9452 - accuracy: 0.8700 - val_loss: 1.1520 - val_accuracy: 0.8840 - lr: 5.0000e-05 | Latest Step: 4100/14510 [=======>......................] - ETA: 59:59 - loss: 0.9386 - accuracy: 0.8705
[2026-06-30 20:55:25] Epoch: 10/15 | Last Val: 14510/14510 [==============================] - 4977s 343ms/step - loss: 0.9452 - accuracy: 0.8700 - val_loss: 1.1520 - val_accuracy: 0.8840 - lr: 5.0000e-05 | Latest Step: 6904/14510 [=============>................] - ETA: 42:33 - loss: 0.9380 - accuracy: 0.8700
[2026-06-30 21:10:25] Epoch: 10/15 | Last Val: 14510/14510 [==============================] - 4977s 343ms/step - loss: 0.9452 - accuracy: 0.8700 - val_loss: 1.1520 - val_accuracy: 0.8840 - lr: 5.0000e-05 | Latest Step: 9713/14510 [===================>..........] - ETA: 26:29 - loss: 0.9379 - accuracy: 0.8698
[2026-06-30 21:25:26] Epoch: 10/15 | Last Val: 14510/14510 [==============================] - 4977s 343ms/step - loss: 0.9452 - accuracy: 0.8700 - val_loss: 1.1520 - val_accuracy: 0.8840 - lr: 5.0000e-05 | Latest Step: 12517/14510 [========================>.....] - ETA: 10:55 - loss: 0.9377 - accuracy: 0.8709
[2026-06-30 21:40:26] Epoch: 10/15 | Last Val: 14510/14510 [==============================] - 4977s 343ms/step - loss: 0.9452 - accuracy: 0.8700 - val_loss: 1.1520 - val_accuracy: 0.8840 - lr: 5.0000e-05 | Latest Step: .9402 - accuracy: 0.87162026-06-30 21:37:35.749385: W tensorflow/core/lib/png/png_io.cc:88] PNG warning: eXIf: duplicate
[2026-06-30 21:55:26] Epoch: 11/15 | Last Val: 14510/14510 [==============================] - 5046s 348ms/step - loss: 0.9402 - accuracy: 0.8716 - val_loss: 1.1536 - val_accuracy: 0.8792 - lr: 5.0000e-05 | Latest Step: 2679/14510 [====>.........................] - ETA: 1:04:12 - loss: 0.9308 - accuracy: 0.8731
[2026-06-30 22:10:27] Epoch: 11/15 | Last Val: 14510/14510 [==============================] - 5046s 348ms/step - loss: 0.9402 - accuracy: 0.8716 - val_loss: 1.1536 - val_accuracy: 0.8792 - lr: 5.0000e-05 | Latest Step: 5456/14510 [==========>...................] - ETA: 49:01 - loss: 0.9337 - accuracy: 0.8721
[2026-06-30 22:25:27] Epoch: 11/15 | Last Val: 14510/14510 [==============================] - 5046s 348ms/step - loss: 0.9402 - accuracy: 0.8716 - val_loss: 1.1536 - val_accuracy: 0.8792 - lr: 5.0000e-05 | Latest Step: 8171/14510 [===============>..............] - ETA: 34:33 - loss: 0.9343 - accuracy: 0.8704
[2026-06-30 22:40:27] Epoch: 11/15 | Last Val: 14510/14510 [==============================] - 5046s 348ms/step - loss: 0.9402 - accuracy: 0.8716 - val_loss: 1.1536 - val_accuracy: 0.8792 - lr: 5.0000e-05 | Latest Step: 10755/14510 [=====================>........] - ETA: 20:47 - loss: 0.9329 - accuracy: 0.8715
[2026-06-30 22:55:28] Epoch: 11/15 | Last Val: 14510/14510 [==============================] - 5046s 348ms/step - loss: 0.9402 - accuracy: 0.8716 - val_loss: 1.1536 - val_accuracy: 0.8792 - lr: 5.0000e-05 | Latest Step: 13312/14510 [==========================>...] - ETA: 6:42 - loss: 0.9350 - accuracy: 0.8731
[2026-06-30 23:10:28] Epoch: 12/15 | Last Val: 14510/14510 [==============================] - 5276s 363ms/step - loss: 0.9360 - accuracy: 0.8738 - val_loss: 1.1517 - val_accuracy: 0.8815 - lr: 5.0000e-05 | Latest Step: 270/14510 [..............................] - ETA: 1:25:39 - loss: 0.9239 - accuracy: 0.8778
[2026-06-30 23:25:28] Epoch: 12/15 | Last Val: 14510/14510 [==============================] - 5276s 363ms/step - loss: 0.9360 - accuracy: 0.8738 - val_loss: 1.1517 - val_accuracy: 0.8815 - lr: 5.0000e-05 | Latest Step: 2761/14510 [====>.........................] - ETA: 1:10:45 - loss: 0.9319 - accuracy: 0.8765
[2026-06-30 23:40:29] Epoch: 12/15 | Last Val: 14510/14510 [==============================] - 5276s 363ms/step - loss: 0.9360 - accuracy: 0.8738 - val_loss: 1.1517 - val_accuracy: 0.8815 - lr: 5.0000e-05 | Latest Step: 5271/14510 [=========>....................] - ETA: 55:26 - loss: 0.9288 - accuracy: 0.8749
[2026-06-30 23:55:29] Epoch: 12/15 | Last Val: 14510/14510 [==============================] - 5276s 363ms/step - loss: 0.9360 - accuracy: 0.8738 - val_loss: 1.1517 - val_accuracy: 0.8815 - lr: 5.0000e-05 | Latest Step: 7822/14510 [===============>..............] - ETA: 39:52 - loss: 0.9310 - accuracy: 0.8731
[2026-07-01 00:10:29] Epoch: 12/15 | Last Val: 14510/14510 [==============================] - 5276s 363ms/step - loss: 0.9360 - accuracy: 0.8738 - val_loss: 1.1517 - val_accuracy: 0.8815 - lr: 5.0000e-05 | Latest Step: 10436/14510 [====================>.........] - ETA: 24:03 - loss: 0.9303 - accuracy: 0.8737
[2026-07-01 00:25:30] Epoch: 12/15 | Last Val: 14510/14510 [==============================] - 5276s 363ms/step - loss: 0.9360 - accuracy: 0.8738 - val_loss: 1.1517 - val_accuracy: 0.8815 - lr: 5.0000e-05 | Latest Step: 11497/14510 [======================>.......] - ETA: 17:44 - loss: 0.9283 - accuracy: 0.8744
[2026-07-01 00:40:30] Epoch: 12/15 | Last Val: 14510/14510 [==============================] - 5276s 363ms/step - loss: 0.9360 - accuracy: 0.8738 - val_loss: 1.1517 - val_accuracy: 0.8815 - lr: 5.0000e-05 | Latest Step: 11497/14510 [======================>.......] - ETA: 17:44 - loss: 0.9283 - accuracy: 0.8744
[2026-07-01 00:55:30] Epoch: 12/15 | Last Val: 14510/14510 [==============================] - 5276s 363ms/step - loss: 0.9360 - accuracy: 0.8738 - val_loss: 1.1517 - val_accuracy: 0.8815 - lr: 5.0000e-05 | Latest Step: 11497/14510 [======================>.......] - ETA: 17:44 - loss: 0.9283 - accuracy: 0.8744
[2026-07-01 01:10:31] Epoch: 12/15 | Last Val: 14510/14510 [==============================] - 5276s 363ms/step - loss: 0.9360 - accuracy: 0.8738 - val_loss: 1.1517 - val_accuracy: 0.8815 - lr: 5.0000e-05 | Latest Step: 11497/14510 [======================>.......] - ETA: 17:44 - loss: 0.9283 - accuracy: 0.8744
[2026-07-01 01:25:31] Epoch: 12/15 | Last Val: 14510/14510 [==============================] - 5276s 363ms/step - loss: 0.9360 - accuracy: 0.8738 - val_loss: 1.1517 - val_accuracy: 0.8815 - lr: 5.0000e-05 | Latest Step: 11497/14510 [======================>.......] - ETA: 17:44 - loss: 0.9283 - accuracy: 0.8744
[2026-07-01 01:40:31] Epoch: 12/15 | Last Val: 14510/14510 [==============================] - 5276s 363ms/step - loss: 0.9360 - accuracy: 0.8738 - val_loss: 1.1517 - val_accuracy: 0.8815 - lr: 5.0000e-05 | Latest Step: 11497/14510 [======================>.......] - ETA: 17:44 - loss: 0.9283 - accuracy: 0.8744
[2026-07-01 01:55:31] Epoch: 12/15 | Last Val: 14510/14510 [==============================] - 5276s 363ms/step - loss: 0.9360 - accuracy: 0.8738 - val_loss: 1.1517 - val_accuracy: 0.8815 - lr: 5.0000e-05 | Latest Step: 11497/14510 [======================>.......] - ETA: 17:44 - loss: 0.9283 - accuracy: 0.8744
[2026-07-01 02:10:32] Epoch: 12/15 | Last Val: 14510/14510 [==============================] - 5276s 363ms/step - loss: 0.9360 - accuracy: 0.8738 - val_loss: 1.1517 - val_accuracy: 0.8815 - lr: 5.0000e-05 | Latest Step: 11497/14510 [======================>.......] - ETA: 17:44 - loss: 0.9283 - accuracy: 0.8744
[2026-07-01 02:25:32] Epoch: 12/15 | Last Val: 14510/14510 [==============================] - 5276s 363ms/step - loss: 0.9360 - accuracy: 0.8738 - val_loss: 1.1517 - val_accuracy: 0.8815 - lr: 5.0000e-05 | Latest Step: 11497/14510 [======================>.......] - ETA: 17:44 - loss: 0.9283 - accuracy: 0.8744
[2026-07-01 02:40:32] Epoch: 12/15 | Last Val: 14510/14510 [==============================] - 5276s 363ms/step - loss: 0.9360 - accuracy: 0.8738 - val_loss: 1.1517 - val_accuracy: 0.8815 - lr: 5.0000e-05 | Latest Step: 11497/14510 [======================>.......] - ETA: 17:44 - loss: 0.9283 - accuracy: 0.8744
[2026-07-01 02:55:33] Epoch: 12/15 | Last Val: 14510/14510 [==============================] - 5276s 363ms/step - loss: 0.9360 - accuracy: 0.8738 - val_loss: 1.1517 - val_accuracy: 0.8815 - lr: 5.0000e-05 | Latest Step: 11497/14510 [======================>.......] - ETA: 17:44 - loss: 0.9283 - accuracy: 0.8744
[2026-07-01 03:10:33] Epoch: 12/15 | Last Val: 14510/14510 [==============================] - 5276s 363ms/step - loss: 0.9360 - accuracy: 0.8738 - val_loss: 1.1517 - val_accuracy: 0.8815 - lr: 5.0000e-05 | Latest Step: 11497/14510 [======================>.......] - ETA: 17:44 - loss: 0.9283 - accuracy: 0.8744
[2026-07-01 03:25:33] Epoch: 12/15 | Last Val: 14510/14510 [==============================] - 5276s 363ms/step - loss: 0.9360 - accuracy: 0.8738 - val_loss: 1.1517 - val_accuracy: 0.8815 - lr: 5.0000e-05 | Latest Step: 11497/14510 [======================>.......] - ETA: 17:44 - loss: 0.9283 - accuracy: 0.8744
[2026-07-01 03:40:34] Epoch: 12/15 | Last Val: 14510/14510 [==============================] - 5276s 363ms/step - loss: 0.9360 - accuracy: 0.8738 - val_loss: 1.1517 - val_accuracy: 0.8815 - lr: 5.0000e-05 | Latest Step: 11497/14510 [======================>.......] - ETA: 17:44 - loss: 0.9283 - accuracy: 0.8744
[2026-07-01 03:55:34] Epoch: 12/15 | Last Val: 14510/14510 [==============================] - 5276s 363ms/step - loss: 0.9360 - accuracy: 0.8738 - val_loss: 1.1517 - val_accuracy: 0.8815 - lr: 5.0000e-05 | Latest Step: 11497/14510 [======================>.......] - ETA: 17:44 - loss: 0.9283 - accuracy: 0.8744
[2026-07-01 04:10:34] Epoch: 12/15 | Last Val: 14510/14510 [==============================] - 5276s 363ms/step - loss: 0.9360 - accuracy: 0.8738 - val_loss: 1.1517 - val_accuracy: 0.8815 - lr: 5.0000e-05 | Latest Step: 11497/14510 [======================>.......] - ETA: 17:44 - loss: 0.9283 - accuracy: 0.8744
[2026-07-01 04:25:35] Epoch: 12/15 | Last Val: 14510/14510 [==============================] - 5276s 363ms/step - loss: 0.9360 - accuracy: 0.8738 - val_loss: 1.1517 - val_accuracy: 0.8815 - lr: 5.0000e-05 | Latest Step: 11497/14510 [======================>.......] - ETA: 17:44 - loss: 0.9283 - accuracy: 0.8744
[2026-07-01 04:40:35] Epoch: 12/15 | Last Val: 14510/14510 [==============================] - 5276s 363ms/step - loss: 0.9360 - accuracy: 0.8738 - val_loss: 1.1517 - val_accuracy: 0.8815 - lr: 5.0000e-05 | Latest Step: 11497/14510 [======================>.......] - ETA: 17:44 - loss: 0.9283 - accuracy: 0.8744
[2026-07-01 04:55:35] Epoch: 12/15 | Last Val: 14510/14510 [==============================] - 5276s 363ms/step - loss: 0.9360 - accuracy: 0.8738 - val_loss: 1.1517 - val_accuracy: 0.8815 - lr: 5.0000e-05 | Latest Step: 11497/14510 [======================>.......] - ETA: 17:44 - loss: 0.9283 - accuracy: 0.8744
[2026-07-01 05:10:35] Epoch: 12/15 | Last Val: 14510/14510 [==============================] - 5276s 363ms/step - loss: 0.9360 - accuracy: 0.8738 - val_loss: 1.1517 - val_accuracy: 0.8815 - lr: 5.0000e-05 | Latest Step: 11497/14510 [======================>.......] - ETA: 17:44 - loss: 0.9283 - accuracy: 0.8744
[2026-07-01 05:25:36] Epoch: 12/15 | Last Val: 14510/14510 [==============================] - 5276s 363ms/step - loss: 0.9360 - accuracy: 0.8738 - val_loss: 1.1517 - val_accuracy: 0.8815 - lr: 5.0000e-05 | Latest Step: 11497/14510 [======================>.......] - ETA: 17:44 - loss: 0.9283 - accuracy: 0.8744
[2026-07-01 05:40:36] Epoch: 12/15 | Last Val: 14510/14510 [==============================] - 5276s 363ms/step - loss: 0.9360 - accuracy: 0.8738 - val_loss: 1.1517 - val_accuracy: 0.8815 - lr: 5.0000e-05 | Latest Step: 11497/14510 [======================>.......] - ETA: 17:44 - loss: 0.9283 - accuracy: 0.8744
[2026-07-01 05:55:36] Epoch: 12/15 | Last Val: 14510/14510 [==============================] - 5276s 363ms/step - loss: 0.9360 - accuracy: 0.8738 - val_loss: 1.1517 - val_accuracy: 0.8815 - lr: 5.0000e-05 | Latest Step: 11497/14510 [======================>.......] - ETA: 17:44 - loss: 0.9283 - accuracy: 0.8744
[2026-07-01 06:10:37] Epoch: 12/15 | Last Val: 14510/14510 [==============================] - 5276s 363ms/step - loss: 0.9360 - accuracy: 0.8738 - val_loss: 1.1517 - val_accuracy: 0.8815 - lr: 5.0000e-05 | Latest Step: 11497/14510 [======================>.......] - ETA: 17:44 - loss: 0.9283 - accuracy: 0.8744
[2026-07-01 06:25:37] Epoch: 12/15 | Last Val: 14510/14510 [==============================] - 5276s 363ms/step - loss: 0.9360 - accuracy: 0.8738 - val_loss: 1.1517 - val_accuracy: 0.8815 - lr: 5.0000e-05 | Latest Step: 11497/14510 [======================>.......] - ETA: 17:44 - loss: 0.9283 - accuracy: 0.8744
[2026-07-01 06:40:37] Epoch: 12/15 | Last Val: 14510/14510 [==============================] - 5276s 363ms/step - loss: 0.9360 - accuracy: 0.8738 - val_loss: 1.1517 - val_accuracy: 0.8815 - lr: 5.0000e-05 | Latest Step: 11497/14510 [======================>.......] - ETA: 17:44 - loss: 0.9283 - accuracy: 0.8744
[2026-07-01 06:55:38] Epoch: 12/15 | Last Val: 14510/14510 [==============================] - 5276s 363ms/step - loss: 0.9360 - accuracy: 0.8738 - val_loss: 1.1517 - val_accuracy: 0.8815 - lr: 5.0000e-05 | Latest Step: 11497/14510 [======================>.......] - ETA: 17:44 - loss: 0.9283 - accuracy: 0.8744
[2026-07-01 07:10:38] Epoch: 12/15 | Last Val: 14510/14510 [==============================] - 5276s 363ms/step - loss: 0.9360 - accuracy: 0.8738 - val_loss: 1.1517 - val_accuracy: 0.8815 - lr: 5.0000e-05 | Latest Step: 11497/14510 [======================>.......] - ETA: 17:44 - loss: 0.9283 - accuracy: 0.8744
[2026-07-01 07:25:39] Epoch: 12/15 | Last Val: 14510/14510 [==============================] - 5276s 363ms/step - loss: 0.9360 - accuracy: 0.8738 - val_loss: 1.1517 - val_accuracy: 0.8815 - lr: 5.0000e-05 | Latest Step: 11497/14510 [======================>.......] - ETA: 17:44 - loss: 0.9283 - accuracy: 0.8744
[2026-07-01 07:40:39] Epoch: 12/15 | Last Val: 14510/14510 [==============================] - 5276s 363ms/step - loss: 0.9360 - accuracy: 0.8738 - val_loss: 1.1517 - val_accuracy: 0.8815 - lr: 5.0000e-05 | Latest Step: 11497/14510 [======================>.......] - ETA: 17:44 - loss: 0.9283 - accuracy: 0.8744
[2026-07-01 07:55:40] Epoch: 12/15 | Last Val: 14510/14510 [==============================] - 5276s 363ms/step - loss: 0.9360 - accuracy: 0.8738 - val_loss: 1.1517 - val_accuracy: 0.8815 - lr: 5.0000e-05 | Latest Step: 11497/14510 [======================>.......] - ETA: 17:44 - loss: 0.9283 - accuracy: 0.8744
[2026-07-01 08:10:40] Epoch: 12/15 | Last Val: 14510/14510 [==============================] - 5276s 363ms/step - loss: 0.9360 - accuracy: 0.8738 - val_loss: 1.1517 - val_accuracy: 0.8815 - lr: 5.0000e-05 | Latest Step: 11497/14510 [======================>.......] - ETA: 17:44 - loss: 0.9283 - accuracy: 0.8744
[2026-07-01 08:25:41] Epoch: 12/15 | Last Val: 14510/14510 [==============================] - 5276s 363ms/step - loss: 0.9360 - accuracy: 0.8738 - val_loss: 1.1517 - val_accuracy: 0.8815 - lr: 5.0000e-05 | Latest Step: 11497/14510 [======================>.......] - ETA: 17:44 - loss: 0.9283 - accuracy: 0.8744
[2026-07-01 08:40:41] Epoch: 12/15 | Last Val: 14510/14510 [==============================] - 5276s 363ms/step - loss: 0.9360 - accuracy: 0.8738 - val_loss: 1.1517 - val_accuracy: 0.8815 - lr: 5.0000e-05 | Latest Step: 11497/14510 [======================>.......] - ETA: 17:44 - loss: 0.9283 - accuracy: 0.8744
[2026-07-01 08:55:42] Epoch: 12/15 | Last Val: 14510/14510 [==============================] - 5276s 363ms/step - loss: 0.9360 - accuracy: 0.8738 - val_loss: 1.1517 - val_accuracy: 0.8815 - lr: 5.0000e-05 | Latest Step: 11497/14510 [======================>.......] - ETA: 17:44 - loss: 0.9283 - accuracy: 0.8744
[2026-07-01 09:10:42] Epoch: 12/15 | Last Val: 14510/14510 [==============================] - 5276s 363ms/step - loss: 0.9360 - accuracy: 0.8738 - val_loss: 1.1517 - val_accuracy: 0.8815 - lr: 5.0000e-05 | Latest Step: 11497/14510 [======================>.......] - ETA: 17:44 - loss: 0.9283 - accuracy: 0.8744
[2026-07-01 09:25:43] Epoch: 12/15 | Last Val: 14510/14510 [==============================] - 5276s 363ms/step - loss: 0.9360 - accuracy: 0.8738 - val_loss: 1.1517 - val_accuracy: 0.8815 - lr: 5.0000e-05 | Latest Step: 11497/14510 [======================>.......] - ETA: 17:44 - loss: 0.9283 - accuracy: 0.8744
[2026-07-01 09:40:44] Epoch: 12/15 | Last Val: 14510/14510 [==============================] - 5276s 363ms/step - loss: 0.9360 - accuracy: 0.8738 - val_loss: 1.1517 - val_accuracy: 0.8815 - lr: 5.0000e-05 | Latest Step: 11497/14510 [======================>.......] - ETA: 17:44 - loss: 0.9283 - accuracy: 0.8744
[2026-07-01 09:55:44] Epoch: 12/15 | Last Val: 14510/14510 [==============================] - 5276s 363ms/step - loss: 0.9360 - accuracy: 0.8738 - val_loss: 1.1517 - val_accuracy: 0.8815 - lr: 5.0000e-05 | Latest Step: 11497/14510 [======================>.......] - ETA: 17:44 - loss: 0.9283 - accuracy: 0.8744
[2026-07-01 10:10:44] Epoch: 12/15 | Last Val: 14510/14510 [==============================] - 5276s 363ms/step - loss: 0.9360 - accuracy: 0.8738 - val_loss: 1.1517 - val_accuracy: 0.8815 - lr: 5.0000e-05 | Latest Step: 11497/14510 [======================>.......] - ETA: 17:44 - loss: 0.9283 - accuracy: 0.8744
[2026-07-01 10:25:45] Epoch: 12/15 | Last Val: 14510/14510 [==============================] - 5276s 363ms/step - loss: 0.9360 - accuracy: 0.8738 - val_loss: 1.1517 - val_accuracy: 0.8815 - lr: 5.0000e-05 | Latest Step: 11497/14510 [======================>.......] - ETA: 17:44 - loss: 0.9283 - accuracy: 0.8744
[2026-07-01 10:40:45] Epoch: 12/15 | Last Val: 14510/14510 [==============================] - 5276s 363ms/step - loss: 0.9360 - accuracy: 0.8738 - val_loss: 1.1517 - val_accuracy: 0.8815 - lr: 5.0000e-05 | Latest Step: 11497/14510 [======================>.......] - ETA: 17:44 - loss: 0.9283 - accuracy: 0.8744
[2026-07-01 10:55:46] Epoch: 12/15 | Last Val: 14510/14510 [==============================] - 5276s 363ms/step - loss: 0.9360 - accuracy: 0.8738 - val_loss: 1.1517 - val_accuracy: 0.8815 - lr: 5.0000e-05 | Latest Step: 11497/14510 [======================>.......] - ETA: 17:44 - loss: 0.9283 - accuracy: 0.8744
[2026-07-01 11:10:46] Epoch: 12/15 | Last Val: 14510/14510 [==============================] - 5276s 363ms/step - loss: 0.9360 - accuracy: 0.8738 - val_loss: 1.1517 - val_accuracy: 0.8815 - lr: 5.0000e-05 | Latest Step: 11497/14510 [======================>.......] - ETA: 17:44 - loss: 0.9283 - accuracy: 0.8744
[2026-07-01 11:25:46] Epoch: 12/15 | Last Val: 14510/14510 [==============================] - 5276s 363ms/step - loss: 0.9360 - accuracy: 0.8738 - val_loss: 1.1517 - val_accuracy: 0.8815 - lr: 5.0000e-05 | Latest Step: 11497/14510 [======================>.......] - ETA: 17:44 - loss: 0.9283 - accuracy: 0.8744
[2026-07-01 11:40:47] Epoch: 12/15 | Last Val: 14510/14510 [==============================] - 5276s 363ms/step - loss: 0.9360 - accuracy: 0.8738 - val_loss: 1.1517 - val_accuracy: 0.8815 - lr: 5.0000e-05 | Latest Step: 11497/14510 [======================>.......] - ETA: 17:44 - loss: 0.9283 - accuracy: 0.8744
[2026-07-01 11:55:47] Epoch: 12/15 | Last Val: 14510/14510 [==============================] - 5276s 363ms/step - loss: 0.9360 - accuracy: 0.8738 - val_loss: 1.1517 - val_accuracy: 0.8815 - lr: 5.0000e-05 | Latest Step: 11497/14510 [======================>.......] - ETA: 17:44 - loss: 0.9283 - accuracy: 0.8744
[2026-07-01 12:10:48] Epoch: 12/15 | Last Val: 14510/14510 [==============================] - 5276s 363ms/step - loss: 0.9360 - accuracy: 0.8738 - val_loss: 1.1517 - val_accuracy: 0.8815 - lr: 5.0000e-05 | Latest Step: 11497/14510 [======================>.......] - ETA: 17:44 - loss: 0.9283 - accuracy: 0.8744
[2026-07-01 12:25:48] Epoch: 12/15 | Last Val: 14510/14510 [==============================] - 5276s 363ms/step - loss: 0.9360 - accuracy: 0.8738 - val_loss: 1.1517 - val_accuracy: 0.8815 - lr: 5.0000e-05 | Latest Step: 11497/14510 [======================>.......] - ETA: 17:44 - loss: 0.9283 - accuracy: 0.8744
[2026-07-01 12:40:48] Epoch: 12/15 | Last Val: 14510/14510 [==============================] - 5276s 363ms/step - loss: 0.9360 - accuracy: 0.8738 - val_loss: 1.1517 - val_accuracy: 0.8815 - lr: 5.0000e-05 | Latest Step: 11497/14510 [======================>.......] - ETA: 17:44 - loss: 0.9283 - accuracy: 0.8744
[2026-07-01 12:55:49] Epoch: 12/15 | Last Val: 14510/14510 [==============================] - 5276s 363ms/step - loss: 0.9360 - accuracy: 0.8738 - val_loss: 1.1517 - val_accuracy: 0.8815 - lr: 5.0000e-05 | Latest Step: 11497/14510 [======================>.......] - ETA: 17:44 - loss: 0.9283 - accuracy: 0.8744
[2026-07-01 13:10:49] Epoch: 12/15 | Last Val: 14510/14510 [==============================] - 5276s 363ms/step - loss: 0.9360 - accuracy: 0.8738 - val_loss: 1.1517 - val_accuracy: 0.8815 - lr: 5.0000e-05 | Latest Step: 11497/14510 [======================>.......] - ETA: 17:44 - loss: 0.9283 - accuracy: 0.8744
[2026-07-01 13:25:50] Epoch: 12/15 | Last Val: 14510/14510 [==============================] - 5276s 363ms/step - loss: 0.9360 - accuracy: 0.8738 - val_loss: 1.1517 - val_accuracy: 0.8815 - lr: 5.0000e-05 | Latest Step: 11497/14510 [======================>.......] - ETA: 17:44 - loss: 0.9283 - accuracy: 0.8744
[2026-07-01 13:40:50] Epoch: 12/15 | Last Val: 14510/14510 [==============================] - 5276s 363ms/step - loss: 0.9360 - accuracy: 0.8738 - val_loss: 1.1517 - val_accuracy: 0.8815 - lr: 5.0000e-05 | Latest Step: 11497/14510 [======================>.......] - ETA: 17:44 - loss: 0.9283 - accuracy: 0.8744
[2026-07-01 13:55:51] Epoch: 12/15 | Last Val: 14510/14510 [==============================] - 5276s 363ms/step - loss: 0.9360 - accuracy: 0.8738 - val_loss: 1.1517 - val_accuracy: 0.8815 - lr: 5.0000e-05 | Latest Step: 11497/14510 [======================>.......] - ETA: 17:44 - loss: 0.9283 - accuracy: 0.8744
[2026-07-01 14:10:51] Epoch: 12/15 | Last Val: 14510/14510 [==============================] - 5276s 363ms/step - loss: 0.9360 - accuracy: 0.8738 - val_loss: 1.1517 - val_accuracy: 0.8815 - lr: 5.0000e-05 | Latest Step: 11497/14510 [======================>.......] - ETA: 17:44 - loss: 0.9283 - accuracy: 0.8744
[2026-07-01 14:25:51] Epoch: 12/15 | Last Val: 14510/14510 [==============================] - 5276s 363ms/step - loss: 0.9360 - accuracy: 0.8738 - val_loss: 1.1517 - val_accuracy: 0.8815 - lr: 5.0000e-05 | Latest Step: 11497/14510 [======================>.......] - ETA: 17:44 - loss: 0.9283 - accuracy: 0.8744
[2026-07-01 14:40:52] Epoch: 12/15 | Last Val: 14510/14510 [==============================] - 5276s 363ms/step - loss: 0.9360 - accuracy: 0.8738 - val_loss: 1.1517 - val_accuracy: 0.8815 - lr: 5.0000e-05 | Latest Step: 11497/14510 [======================>.......] - ETA: 17:44 - loss: 0.9283 - accuracy: 0.8744
[2026-07-01 14:55:52] Epoch: 12/15 | Last Val: 14510/14510 [==============================] - 5276s 363ms/step - loss: 0.9360 - accuracy: 0.8738 - val_loss: 1.1517 - val_accuracy: 0.8815 - lr: 5.0000e-05 | Latest Step: 11497/14510 [======================>.......] - ETA: 17:44 - loss: 0.9283 - accuracy: 0.8744
[2026-07-01 15:10:53] Epoch: 12/15 | Last Val: 14510/14510 [==============================] - 5276s 363ms/step - loss: 0.9360 - accuracy: 0.8738 - val_loss: 1.1517 - val_accuracy: 0.8815 - lr: 5.0000e-05 | Latest Step: 11497/14510 [======================>.......] - ETA: 17:44 - loss: 0.9283 - accuracy: 0.8744
[2026-07-01 15:25:53] Epoch: 12/15 | Last Val: 14510/14510 [==============================] - 5276s 363ms/step - loss: 0.9360 - accuracy: 0.8738 - val_loss: 1.1517 - val_accuracy: 0.8815 - lr: 5.0000e-05 | Latest Step: 11497/14510 [======================>.......] - ETA: 17:44 - loss: 0.9283 - accuracy: 0.8744
[2026-07-01 15:40:54] Epoch: 12/15 | Last Val: 14510/14510 [==============================] - 5276s 363ms/step - loss: 0.9360 - accuracy: 0.8738 - val_loss: 1.1517 - val_accuracy: 0.8815 - lr: 5.0000e-05 | Latest Step: 11497/14510 [======================>.......] - ETA: 17:44 - loss: 0.9283 - accuracy: 0.8744
[2026-07-01 15:55:54] Epoch: 12/15 | Last Val: 14510/14510 [==============================] - 5276s 363ms/step - loss: 0.9360 - accuracy: 0.8738 - val_loss: 1.1517 - val_accuracy: 0.8815 - lr: 5.0000e-05 | Latest Step: 11497/14510 [======================>.......] - ETA: 17:44 - loss: 0.9283 - accuracy: 0.8744
[2026-07-01 16:10:55] Epoch: 12/15 | Last Val: 14510/14510 [==============================] - 5276s 363ms/step - loss: 0.9360 - accuracy: 0.8738 - val_loss: 1.1517 - val_accuracy: 0.8815 - lr: 5.0000e-05 | Latest Step: 11497/14510 [======================>.......] - ETA: 17:44 - loss: 0.9283 - accuracy: 0.8744
[2026-07-01 16:25:55] Epoch: 12/15 | Last Val: 14510/14510 [==============================] - 5276s 363ms/step - loss: 0.9360 - accuracy: 0.8738 - val_loss: 1.1517 - val_accuracy: 0.8815 - lr: 5.0000e-05 | Latest Step: 11497/14510 [======================>.......] - ETA: 17:44 - loss: 0.9283 - accuracy: 0.8744
[2026-07-01 16:40:56] Epoch: 12/15 | Last Val: 14510/14510 [==============================] - 5276s 363ms/step - loss: 0.9360 - accuracy: 0.8738 - val_loss: 1.1517 - val_accuracy: 0.8815 - lr: 5.0000e-05 | Latest Step: 11497/14510 [======================>.......] - ETA: 17:44 - loss: 0.9283 - accuracy: 0.8744
[2026-07-01 16:55:56] Epoch: 12/15 | Last Val: 14510/14510 [==============================] - 5276s 363ms/step - loss: 0.9360 - accuracy: 0.8738 - val_loss: 1.1517 - val_accuracy: 0.8815 - lr: 5.0000e-05 | Latest Step: 11497/14510 [======================>.......] - ETA: 17:44 - loss: 0.9283 - accuracy: 0.8744
[2026-07-01 17:11:02] Epoch: 12/15 | Last Val: 14510/14510 [==============================] - 5276s 363ms/step - loss: 0.9360 - accuracy: 0.8738 - val_loss: 1.1517 - val_accuracy: 0.8815 - lr: 5.0000e-05 | Latest Step: 11497/14510 [======================>.......] - ETA: 17:44 - loss: 0.9283 - accuracy: 0.8744
[2026-07-01 17:26:03] Epoch: 12/15 | Last Val: 14510/14510 [==============================] - 5276s 363ms/step - loss: 0.9360 - accuracy: 0.8738 - val_loss: 1.1517 - val_accuracy: 0.8815 - lr: 5.0000e-05 | Latest Step: 11497/14510 [======================>.......] - ETA: 17:44 - loss: 0.9283 - accuracy: 0.8744
[2026-07-01 17:41:06] Epoch: 12/15 | Last Val: 14510/14510 [==============================] - 5276s 363ms/step - loss: 0.9360 - accuracy: 0.8738 - val_loss: 1.1517 - val_accuracy: 0.8815 - lr: 5.0000e-05 | Latest Step: 11497/14510 [======================>.......] - ETA: 17:44 - loss: 0.9283 - accuracy: 0.8744
[2026-07-01 17:56:06] Epoch: 12/15 | Last Val: 14510/14510 [==============================] - 5276s 363ms/step - loss: 0.9360 - accuracy: 0.8738 - val_loss: 1.1517 - val_accuracy: 0.8815 - lr: 5.0000e-05 | Latest Step: 11497/14510 [======================>.......] - ETA: 17:44 - loss: 0.9283 - accuracy: 0.8744
[2026-07-01 18:11:07] Epoch: 12/15 | Last Val: 14510/14510 [==============================] - 5276s 363ms/step - loss: 0.9360 - accuracy: 0.8738 - val_loss: 1.1517 - val_accuracy: 0.8815 - lr: 5.0000e-05 | Latest Step: 11497/14510 [======================>.......] - ETA: 17:44 - loss: 0.9283 - accuracy: 0.8744
[2026-07-01 18:26:07] Epoch: 12/15 | Last Val: 14510/14510 [==============================] - 5276s 363ms/step - loss: 0.9360 - accuracy: 0.8738 - val_loss: 1.1517 - val_accuracy: 0.8815 - lr: 5.0000e-05 | Latest Step: 11497/14510 [======================>.......] - ETA: 17:44 - loss: 0.9283 - accuracy: 0.8744
[2026-07-01 18:41:08] Epoch: 12/15 | Last Val: 14510/14510 [==============================] - 5276s 363ms/step - loss: 0.9360 - accuracy: 0.8738 - val_loss: 1.1517 - val_accuracy: 0.8815 - lr: 5.0000e-05 | Latest Step: 11497/14510 [======================>.......] - ETA: 17:44 - loss: 0.9283 - accuracy: 0.8744
[2026-07-01 18:56:08] Epoch: 12/15 | Last Val: 14510/14510 [==============================] - 5276s 363ms/step - loss: 0.9360 - accuracy: 0.8738 - val_loss: 1.1517 - val_accuracy: 0.8815 - lr: 5.0000e-05 | Latest Step: 11497/14510 [======================>.......] - ETA: 17:44 - loss: 0.9283 - accuracy: 0.8744
[2026-07-01 19:11:09] Epoch: 12/15 | Last Val: 14510/14510 [==============================] - 5276s 363ms/step - loss: 0.9360 - accuracy: 0.8738 - val_loss: 1.1517 - val_accuracy: 0.8815 - lr: 5.0000e-05 | Latest Step: 11497/14510 [======================>.......] - ETA: 17:44 - loss: 0.9283 - accuracy: 0.8744
[2026-07-01 19:26:09] Epoch: 12/15 | Last Val: 14510/14510 [==============================] - 5276s 363ms/step - loss: 0.9360 - accuracy: 0.8738 - val_loss: 1.1517 - val_accuracy: 0.8815 - lr: 5.0000e-05 | Latest Step: 11497/14510 [======================>.......] - ETA: 17:44 - loss: 0.9283 - accuracy: 0.8744
[2026-07-01 19:41:10] Epoch: 12/15 | Last Val: 14510/14510 [==============================] - 5276s 363ms/step - loss: 0.9360 - accuracy: 0.8738 - val_loss: 1.1517 - val_accuracy: 0.8815 - lr: 5.0000e-05 | Latest Step: 11497/14510 [======================>.......] - ETA: 17:44 - loss: 0.9283 - accuracy: 0.8744
[2026-07-01 19:56:11] Epoch: 12/15 | Last Val: 14510/14510 [==============================] - 5276s 363ms/step - loss: 0.9360 - accuracy: 0.8738 - val_loss: 1.1517 - val_accuracy: 0.8815 - lr: 5.0000e-05 | Latest Step: 11497/14510 [======================>.......] - ETA: 17:44 - loss: 0.9283 - accuracy: 0.8744
[2026-07-01 20:11:11] Epoch: 12/15 | Last Val: 14510/14510 [==============================] - 5276s 363ms/step - loss: 0.9360 - accuracy: 0.8738 - val_loss: 1.1517 - val_accuracy: 0.8815 - lr: 5.0000e-05 | Latest Step: 11497/14510 [======================>.......] - ETA: 17:44 - loss: 0.9283 - accuracy: 0.8744
[2026-07-01 20:26:12] Epoch: 12/15 | Last Val: 14510/14510 [==============================] - 5276s 363ms/step - loss: 0.9360 - accuracy: 0.8738 - val_loss: 1.1517 - val_accuracy: 0.8815 - lr: 5.0000e-05 | Latest Step: 11497/14510 [======================>.......] - ETA: 17:44 - loss: 0.9283 - accuracy: 0.8744
[2026-07-01 20:41:13] Epoch: 12/15 | Last Val: 14510/14510 [==============================] - 5276s 363ms/step - loss: 0.9360 - accuracy: 0.8738 - val_loss: 1.1517 - val_accuracy: 0.8815 - lr: 5.0000e-05 | Latest Step: 11497/14510 [======================>.......] - ETA: 17:44 - loss: 0.9283 - accuracy: 0.8744
[2026-07-01 20:56:15] Epoch: 12/15 | Last Val: 14510/14510 [==============================] - 5276s 363ms/step - loss: 0.9360 - accuracy: 0.8738 - val_loss: 1.1517 - val_accuracy: 0.8815 - lr: 5.0000e-05 | Latest Step: 11497/14510 [======================>.......] - ETA: 17:44 - loss: 0.9283 - accuracy: 0.8744
[2026-07-01 21:11:15] Epoch: 12/15 | Last Val: 14510/14510 [==============================] - 5276s 363ms/step - loss: 0.9360 - accuracy: 0.8738 - val_loss: 1.1517 - val_accuracy: 0.8815 - lr: 5.0000e-05 | Latest Step: 11497/14510 [======================>.......] - ETA: 17:44 - loss: 0.9283 - accuracy: 0.8744
[2026-07-01 21:26:16] Epoch: 12/15 | Last Val: 14510/14510 [==============================] - 5276s 363ms/step - loss: 0.9360 - accuracy: 0.8738 - val_loss: 1.1517 - val_accuracy: 0.8815 - lr: 5.0000e-05 | Latest Step: 11497/14510 [======================>.......] - ETA: 17:44 - loss: 0.9283 - accuracy: 0.8744
[2026-07-01 21:41:16] Epoch: 12/15 | Last Val: 14510/14510 [==============================] - 5276s 363ms/step - loss: 0.9360 - accuracy: 0.8738 - val_loss: 1.1517 - val_accuracy: 0.8815 - lr: 5.0000e-05 | Latest Step: 11497/14510 [======================>.......] - ETA: 17:44 - loss: 0.9283 - accuracy: 0.8744
[2026-07-01 21:56:17] Epoch: 12/15 | Last Val: 14510/14510 [==============================] - 5276s 363ms/step - loss: 0.9360 - accuracy: 0.8738 - val_loss: 1.1517 - val_accuracy: 0.8815 - lr: 5.0000e-05 | Latest Step: 11497/14510 [======================>.......] - ETA: 17:44 - loss: 0.9283 - accuracy: 0.8744
[2026-07-01 22:11:18] Epoch: 12/15 | Last Val: 14510/14510 [==============================] - 5276s 363ms/step - loss: 0.9360 - accuracy: 0.8738 - val_loss: 1.1517 - val_accuracy: 0.8815 - lr: 5.0000e-05 | Latest Step: 11497/14510 [======================>.......] - ETA: 17:44 - loss: 0.9283 - accuracy: 0.8744
[2026-07-01 22:26:19] Epoch: 12/15 | Last Val: 14510/14510 [==============================] - 5276s 363ms/step - loss: 0.9360 - accuracy: 0.8738 - val_loss: 1.1517 - val_accuracy: 0.8815 - lr: 5.0000e-05 | Latest Step: 11497/14510 [======================>.......] - ETA: 17:44 - loss: 0.9283 - accuracy: 0.8744
[2026-07-01 22:41:19] Epoch: 12/15 | Last Val: 14510/14510 [==============================] - 5276s 363ms/step - loss: 0.9360 - accuracy: 0.8738 - val_loss: 1.1517 - val_accuracy: 0.8815 - lr: 5.0000e-05 | Latest Step: 11497/14510 [======================>.......] - ETA: 17:44 - loss: 0.9283 - accuracy: 0.8744
[2026-07-01 22:56:20] Epoch: 12/15 | Last Val: 14510/14510 [==============================] - 5276s 363ms/step - loss: 0.9360 - accuracy: 0.8738 - val_loss: 1.1517 - val_accuracy: 0.8815 - lr: 5.0000e-05 | Latest Step: 11497/14510 [======================>.......] - ETA: 17:44 - loss: 0.9283 - accuracy: 0.8744
